FILE_TYPE=LIBRARY_PARTS;
PRIMITIVE '104JT_025','104JT_025_Other';
  PIN
    '1':
      PIN_NUMBER='(1)';
      NO_LOAD_CHECK=BOTH;
      NO_IO_CHECK=BOTH;
      ALLOW_CONNECT=TRUE;
      PINUSE='UNSPEC';
    '2':
      PIN_NUMBER='(2)';
      NO_LOAD_CHECK=BOTH;
      NO_IO_CHECK=BOTH;
      ALLOW_CONNECT=TRUE;
      PINUSE='UNSPEC';
  END_PIN;
  BODY
    PART_NAME='104JT_025';
    PHYS_DES_PREFIX='RT';
    NO_LOAD_CHECK='TRUE';
    PIN_COUNT='2';
    BODY_NAME='104JT_025';
    JEDEC_TYPE='104JT025';
  END_BODY;
END_PRIMITIVE;
END.
